
> Configure project :app
WARNING: The option setting 'android.disallowKotlinSourceSets=false' is experimental.
The current default is 'true'.

> Task :app:preBuild UP-TO-DATE
> Task :app:preDebugBuild UP-TO-DATE
> Task :app:generateDebugResources UP-TO-DATE
> Task :app:packageDebugResources UP-TO-DATE
> Task :app:processDebugNavigationResources UP-TO-DATE
> Task :app:parseDebugLocalResources UP-TO-DATE
> Task :app:generateDebugRFile UP-TO-DATE
> Task :app:kspDebugKotlin UP-TO-DATE
> Task :app:compileDebugKotlin UP-TO-DATE
> Task :app:javaPreCompileDebug UP-TO-DATE
> Task :app:compileDebugJavaWithJavac NO-SOURCE
> Task :app:checkDebugAarMetadata UP-TO-DATE
> Task :app:compileDebugNavigationResources UP-TO-DATE
> Task :app:mapDebugSourceSetPaths UP-TO-DATE
> Task :app:mergeDebugResources UP-TO-DATE
> Task :app:createDebugCompatibleScreenManifests UP-TO-DATE
> Task :app:extractDeepLinksDebug UP-TO-DATE
> Task :app:processDebugMainManifest UP-TO-DATE
> Task :app:processDebugManifest UP-TO-DATE
> Task :app:processDebugManifestForPackage UP-TO-DATE
> Task :app:processDebugResources UP-TO-DATE
> Task :app:bundleDebugClassesToCompileJar UP-TO-DATE
> Task :app:kspDebugUnitTestKotlin UP-TO-DATE
> Task :app:preDebugUnitTestBuild UP-TO-DATE

> Task :app:compileDebugUnitTestKotlin FAILED
e: file:///Users/dicky/kmdata/git/googledrivesync/app/src/test/java/uk/xmlangel/googledrivesync/sync/SyncManagerTest.kt:710:13 No value passed for parameter 'mimeType'.
e: file:///Users/dicky/kmdata/git/googledrivesync/app/src/test/java/uk/xmlangel/googledrivesync/sync/SyncManagerTest.kt:710:13 No value passed for parameter 'localModifiedAt'.
e: file:///Users/dicky/kmdata/git/googledrivesync/app/src/test/java/uk/xmlangel/googledrivesync/sync/SyncManagerTest.kt:710:13 No value passed for parameter 'driveModifiedAt'.
e: file:///Users/dicky/kmdata/git/googledrivesync/app/src/test/java/uk/xmlangel/googledrivesync/sync/SyncManagerTest.kt:710:13 No value passed for parameter 'localSize'.
e: file:///Users/dicky/kmdata/git/googledrivesync/app/src/test/java/uk/xmlangel/googledrivesync/sync/SyncManagerTest.kt:710:13 No value passed for parameter 'driveSize'.
e: file:///Users/dicky/kmdata/git/googledrivesync/app/src/test/java/uk/xmlangel/googledrivesync/sync/SyncManagerTest.kt:717:77 Argument type mismatch: actual type is 'File', but 'DriveItem' was expected.

[Incubating] Problems report is available at: file:///Users/dicky/kmdata/git/googledrivesync/build/reports/problems/problems-report.html

FAILURE: Build failed with an exception.

* What went wrong:
Execution failed for task ':app:compileDebugUnitTestKotlin'.
> A failure occurred while executing org.jetbrains.kotlin.compilerRunner.GradleCompilerRunnerWithWorkers$GradleKotlinCompilerWorkAction
   > Compilation error. See log for more details

* Try:
> Run with --stacktrace option to get the stack trace.
> Run with --info or --debug option to get more log output.
> Run with --scan to generate a Build Scan (Powered by Develocity).
> Get more help at https://help.gradle.org.

Deprecated Gradle features were used in this build, making it incompatible with Gradle 10.

You can use '--warning-mode all' to show the individual deprecation warnings and determine if they come from your own scripts or plugins.

For more on this, please refer to https://docs.gradle.org/9.1.0/userguide/command_line_interface.html#sec:command_line_warnings in the Gradle documentation.

BUILD FAILED in 1s
21 actionable tasks: 1 executed, 20 up-to-date
